Using pre-set license
Built from '2021.3/staging' branch; Version is '2021.3.6f1 (7da38d85baf6) revision 8233869'; Using compiler version '192829333'; Build Type 'Release'
OS: 'Windows 10  (10.0.19045) 64bit Core' Language: 'ru' Physical Memory: 16227 MB
BatchMode: 1, IsHumanControllingUs: 0, StartBugReporterOnCrash: 0, Is64bit: 1, IsPro: 1

COMMAND LINE ARGUMENTS:
E:\Programs\Unity Editor\2021.3.6f1\Editor\Unity.exe
-adb2
-batchMode
-noUpm
-name
AssetImportWorker3
-projectPath
D:/Documents & projects/Unity projects/Project_TopDown/TopDownArena
-logFile
Logs/AssetImportWorker3.log
-srvPort
63759
Successfully changed project path to: D:/Documents & projects/Unity projects/Project_TopDown/TopDownArena
D:/Documents & projects/Unity projects/Project_TopDown/TopDownArena
[UnityMemory] Configuration Parameters - Can be set up in boot.config
    "memorysetup-bucket-allocator-granularity=16"
    "memorysetup-bucket-allocator-bucket-count=8"
    "memorysetup-bucket-allocator-block-size=33554432"
    "memorysetup-bucket-allocator-block-count=8"
    "memorysetup-main-allocator-block-size=16777216"
    "memorysetup-thread-allocator-block-size=16777216"
    "memorysetup-gfx-main-allocator-block-size=16777216"
    "memorysetup-gfx-thread-allocator-block-size=16777216"
    "memorysetup-cache-allocator-block-size=4194304"
    "memorysetup-typetree-allocator-block-size=2097152"
    "memorysetup-profiler-bucket-allocator-granularity=16"
    "memorysetup-profiler-bucket-allocator-bucket-count=8"
    "memorysetup-profiler-bucket-allocator-block-size=33554432"
    "memorysetup-profiler-bucket-allocator-block-count=8"
    "memorysetup-profiler-allocator-block-size=16777216"
    "memorysetup-profiler-editor-allocator-block-size=1048576"
    "memorysetup-temp-allocator-size-main=16777216"
    "memorysetup-job-temp-allocator-block-size=2097152"
    "memorysetup-job-temp-allocator-block-size-background=1048576"
    "memorysetup-job-temp-allocator-reduction-small-platforms=262144"
    "memorysetup-temp-allocator-size-background-worker=32768"
    "memorysetup-temp-allocator-size-job-worker=262144"
    "memorysetup-temp-allocator-size-preload-manager=33554432"
    "memorysetup-temp-allocator-size-nav-mesh-worker=65536"
    "memorysetup-temp-allocator-size-audio-worker=65536"
    "memorysetup-temp-allocator-size-cloud-worker=32768"
    "memorysetup-temp-allocator-size-gi-baking-worker=262144"
    "memorysetup-temp-allocator-size-gfx=262144"
Refreshing native plugins compatible for Editor in 182.49 ms, found 3 plugins.
Preloading 0 native plugins for Editor in 0.00 ms.
Initialize engine version: 2021.3.6f1 (7da38d85baf6)
[Subsystems] Discovering subsystems at path E:/Programs/Unity Editor/2021.3.6f1/Editor/Data/Resources/UnitySubsystems
[Subsystems] Discovering subsystems at path D:/Documents & projects/Unity projects/Project_TopDown/TopDownArena/Assets
GfxDevice: creating device client; threaded=0; jobified=0
Direct3D:
    Version:  Direct3D 11.0 [level 11.1]
    Renderer: NVIDIA GeForce RTX 2060 (ID=0x1f11)
    Vendor:   NVIDIA
    VRAM:     5968 MB
    Driver:   31.0.15.2756
Initialize mono
Mono path[0] = 'E:/Programs/Unity Editor/2021.3.6f1/Editor/Data/Managed'
Mono path[1] = 'E:/Programs/Unity Editor/2021.3.6f1/Editor/Data/MonoBleedingEdge/lib/mono/unityjit-win32'
Mono config path = 'E:/Programs/Unity Editor/2021.3.6f1/Editor/Data/MonoBleedingEdge/etc'
Using monoOptions --debugger-agent=transport=dt_socket,embedding=1,server=y,suspend=n,address=127.0.0.1:56672
Begin MonoManager ReloadAssembly
Registering precompiled unity dll's ...
Register platform support module: E:/Programs/Unity Editor/2021.3.6f1/Editor/Data/PlaybackEngines/WebGLSupport/UnityEditor.WebGL.Extensions.dll
Register platform support module: E:/Programs/Unity Editor/2021.3.6f1/Editor/Data/PlaybackEngines/WindowsStandaloneSupport/UnityEditor.WindowsStandalone.Extensions.dll
Registered in 0.003104 seconds.
Native extension for WindowsStandalone target not found
Native extension for WebGL target not found
Refreshing native plugins compatible for Editor in 141.81 ms, found 3 plugins.
Preloading 0 native plugins for Editor in 0.00 ms.
Mono: successfully reloaded assembly
- Completed reload, in  0.670 seconds
Domain Reload Profiling:
	ReloadAssembly (670ms)
		BeginReloadAssembly (75ms)
			ExecutionOrderSort (0ms)
			DisableScriptedObjects (0ms)
			BackupInstance (0ms)
			ReleaseScriptingObjects (0ms)
			CreateAndSetChildDomain (1ms)
		EndReloadAssembly (493ms)
			LoadAssemblies (74ms)
			RebuildTransferFunctionScriptingTraits (0ms)
			SetupTypeCache (108ms)
			ReleaseScriptCaches (0ms)
			RebuildScriptCaches (29ms)
			SetupLoadedEditorAssemblies (309ms)
				LogAssemblyErrors (0ms)
				InitializePlatformSupportModulesInManaged (8ms)
				SetLoadedEditorAssemblies (0ms)
				RefreshPlugins (142ms)
				BeforeProcessingInitializeOnLoad (1ms)
				ProcessInitializeOnLoadAttributes (115ms)
				ProcessInitializeOnLoadMethodAttributes (43ms)
				AfterProcessingInitializeOnLoad (0ms)
				EditorAssembliesLoaded (0ms)
			ExecutionOrderSort2 (0ms)
			AwakeInstancesAfterBackupRestoration (0ms)
Platform modules already initialized, skipping
Registering precompiled user dll's ...
Registered in 0.009693 seconds.
Begin MonoManager ReloadAssembly
Symbol file LoadedFromMemory doesn't match image D:\Documents & projects\Unity projects\Project_TopDown\TopDownArena\Library\PackageCache\com.unity.visualscripting@1.7.8\Editor\VisualScripting.Core\Dependencies\YamlDotNet\Unity.VisualScripting.YamlDotNet.dll
Symbol file LoadedFromMemory doesn't match image D:\Documents & projects\Unity projects\Project_TopDown\TopDownArena\Library\PackageCache\com.unity.visualscripting@1.7.8\Editor\VisualScripting.Core\Dependencies\DotNetZip\Unity.VisualScripting.IonicZip.dll
Native extension for WindowsStandalone target not found
Native extension for WebGL target not found
Refreshing native plugins compatible for Editor in 161.35 ms, found 3 plugins.
Preloading 0 native plugins for Editor in 0.00 ms.
System.Exception: Error! Visual Scripting: couldn't find visual scripting package
  at Unity.VisualScripting.PackageVersionUtility.get_version () [0x00043] in D:\Documents & projects\Unity projects\Project_TopDown\TopDownArena\Library\PackageCache\com.unity.visualscripting@1.7.8\Editor\VisualScripting.Core\Utilities\PackageVersionUtility.cs:31 
  at Unity.VisualScripting.BoltCoreManifest.get_version () [0x00000] in D:\Documents & projects\Unity projects\Project_TopDown\TopDownArena\Library\PackageCache\com.unity.visualscripting@1.7.8\Editor\VisualScripting.Core\Plugin\BoltCoreManifest.cs:11 
  at Unity.VisualScripting.PluginManifest.get_currentVersion () [0x00000] in D:\Documents & projects\Unity projects\Project_TopDown\TopDownArena\Library\PackageCache\com.unity.visualscripting@1.7.8\Editor\VisualScripting.Core\Plugins\PluginManifest.cs:33 
  at Unity.VisualScripting.PluginManifest.get_versionMismatch () [0x00000] in D:\Documents & projects\Unity projects\Project_TopDown\TopDownArena\Library\PackageCache\com.unity.visualscripting@1.7.8\Editor\VisualScripting.Core\Plugins\PluginManifest.cs:48 
  at Unity.VisualScripting.PluginContainer.Initialize () [0x00525] in D:\Documents & projects\Unity projects\Project_TopDown\TopDownArena\Library\PackageCache\com.unity.visualscripting@1.7.8\Editor\VisualScripting.Core\Plugins\PluginContainer.cs:208 
  at Unity.VisualScripting.PluginContainer.InitializeOnLoad () [0x00009] in D:\Documents & projects\Unity projects\Project_TopDown\TopDownArena\Library\PackageCache\com.unity.visualscripting@1.7.8\Editor\VisualScripting.Core\Plugins\PluginContainer.cs:32 
  at Unity.VisualScripting.VSUsageUtility.DoInitializeOnLoadCalls () [0x00034] in D:\Documents & projects\Unity projects\Project_TopDown\TopDownArena\Library\PackageCache\com.unity.visualscripting@1.7.8\Editor\VisualScripting.Core\Utilities\VSUsageUtility.cs:76 
  at Unity.VisualScripting.VSUsageUtility.set_isVisualScriptingUsed (System.Boolean value) [0x0002c] in D:\Documents & projects\Unity projects\Project_TopDown\TopDownArena\Library\PackageCache\com.unity.visualscripting@1.7.8\Editor\VisualScripting.Core\Utilities\VSUsageUtility.cs:114 
  at Unity.VisualScripting.VSUsageUtility.CheckAndSetIsVisualScriptingUsed () [0x00032] in D:\Documents & projects\Unity projects\Project_TopDown\TopDownArena\Library\PackageCache\com.unity.visualscripting@1.7.8\Editor\VisualScripting.Core\Utilities\VSUsageUtility.cs:48 
  at Unity.VisualScripting.VSUsageUtility..cctor () [0x00000] in D:\Documents & projects\Unity projects\Project_TopDown\TopDownArena\Library\PackageCache\com.unity.visualscripting@1.7.8\Editor\VisualScripting.Core\Utilities\VSUsageUtility.cs:22 
UnityEngine.StackTraceUtility:ExtractStackTrace ()
UnityEngine.DebugLogHandler:LogFormat (UnityEngine.LogType,UnityEngine.Object,string,object[])
UnityEngine.Logger:Log (UnityEngine.LogType,object)
UnityEngine.Debug:LogError (object)
UnityEditor.EditorAssemblies:ProcessInitializeOnLoadAttributes (System.Type[])

Mono: successfully reloaded assembly
- Completed reload, in  5.020 seconds
Domain Reload Profiling:
	ReloadAssembly (5021ms)
		BeginReloadAssembly (128ms)
			ExecutionOrderSort (0ms)
			DisableScriptedObjects (6ms)
			BackupInstance (0ms)
			ReleaseScriptingObjects (0ms)
			CreateAndSetChildDomain (25ms)
		EndReloadAssembly (4181ms)
			LoadAssemblies (2174ms)
			RebuildTransferFunctionScriptingTraits (0ms)
			SetupTypeCache (416ms)
			ReleaseScriptCaches (1ms)
			RebuildScriptCaches (86ms)
			SetupLoadedEditorAssemblies (1452ms)
				LogAssemblyErrors (0ms)
				InitializePlatformSupportModulesInManaged (6ms)
				SetLoadedEditorAssemblies (0ms)
				RefreshPlugins (161ms)
				BeforeProcessingInitializeOnLoad (164ms)
				ProcessInitializeOnLoadAttributes (1024ms)
				ProcessInitializeOnLoadMethodAttributes (92ms)
				AfterProcessingInitializeOnLoad (3ms)
				EditorAssembliesLoaded (0ms)
			ExecutionOrderSort2 (0ms)
			AwakeInstancesAfterBackupRestoration (6ms)
Platform modules already initialized, skipping
========================================================================
Worker process is ready to serve import requests
Launched and connected shader compiler UnityShaderCompiler.exe after 0.43 seconds
Refreshing native plugins compatible for Editor in 2.30 ms, found 3 plugins.
Preloading 0 native plugins for Editor in 0.00 ms.
Unloading 5706 Unused Serialized files (Serialized files now loaded: 0)
Unloading 67 unused Assets / (1.9 MB). Loaded Objects now: 6193.
Memory consumption went from 310.8 MB to 308.9 MB.
Total: 20.437100 ms (FindLiveObjects: 0.623200 ms CreateObjectMapping: 0.608100 ms MarkObjects: 18.513100 ms  DeleteObjects: 0.691500 ms)

AssetImportParameters requested are different than current active one (requested -> active):
  custom:video-decoder-ogg-theora: a1e56fd34408186e4bbccfd4996cb3dc -> 
  custom:container-muxer-webm: aa71ff27fc2769a1b78a27578f13a17b -> 
  custom:container-demuxer-webm: 4f35f7cbe854078d1ac9338744f61a02 -> 
  custom:video-encoder-webm-vp8: eb34c28f22e8b96e1ab97ce403110664 -> 
  custom:audio-encoder-webm-vorbis: bf7c407c2cedff20999df2af8eb42d56 -> 
  custom:framework-win-MediaFoundation: 216162199b28c13a410421893ffa2e32 -> 
  custom:container-demuxer-ogg: 62fdf1f143b41e24485cea50d1cbac27 -> 
  custom:video-decoder-webm-vp8: 9c59270c3fd7afecdb556c50c9e8de78 -> 
  custom:audio-decoder-ogg-vorbis: bf7c407c2cedff20999df2af8eb42d56 -> 
========================================================================
Received Import Request.
  Time since last request: 172630.208058 seconds.
  path: Assets/Grass/Materials/SDR_Grass 1.shadergraph
  artifactKey: Guid(4491fd097025bed4986e32e26ea6081c) Importer(815301076,1909f56bfc062723c751e8b465ee728b)
Start importing Assets/Grass/Materials/SDR_Grass 1.shadergraph using Guid(4491fd097025bed4986e32e26ea6081c) Importer(815301076,1909f56bfc062723c751e8b465ee728b)  -> (artifact id: '123e6fd219080d202114379cd83183dc') in 0.049591 seconds 
========================================================================
Received Import Request.
  Time since last request: 14.526874 seconds.
  path: Assets/Grass/Materials/grass_PNG4933.mat
  artifactKey: Guid(6b543f4b1737ef046b2368551c46956f) Importer(815301076,1909f56bfc062723c751e8b465ee728b)
Start importing Assets/Grass/Materials/grass_PNG4933.mat using Guid(6b543f4b1737ef046b2368551c46956f) Importer(815301076,1909f56bfc062723c751e8b465ee728b)  -> (artifact id: '30424fa078b82782e7c7dd10763070f4') in 0.987102 seconds 
========================================================================
Received Import Request.
  Time since last request: 43.936054 seconds.
  path: Assets/Grass/Materials/MTR_Grass_2.mat
  artifactKey: Guid(2a77d98f2cf0d5143b5a8c19b4763df4) Importer(815301076,1909f56bfc062723c751e8b465ee728b)
Start importing Assets/Grass/Materials/MTR_Grass_2.mat using Guid(2a77d98f2cf0d5143b5a8c19b4763df4) Importer(815301076,1909f56bfc062723c751e8b465ee728b)  -> (artifact id: '9691410b5f6473dcb6a5a3015e714773') in 0.232169 seconds 
========================================================================
Received Import Request.
  Time since last request: 0.000021 seconds.
  path: Assets/Grass/Materials/PREF_Grass_2.prefab
  artifactKey: Guid(518fe3a7732f1d84aac36094804947a5) Importer(815301076,1909f56bfc062723c751e8b465ee728b)
Start importing Assets/Grass/Materials/PREF_Grass_2.prefab using Guid(518fe3a7732f1d84aac36094804947a5) Importer(815301076,1909f56bfc062723c751e8b465ee728b)  -> (artifact id: '515a9561c78d66db2825cff390b6f3c6') in 0.034568 seconds 
========================================================================
Received Import Request.
  Time since last request: 0.000051 seconds.
  path: Assets/Grass/Materials/MTR_Grass_Sunflower.mat
  artifactKey: Guid(77f8772ffb58a824a9e662de516fd620) Importer(815301076,1909f56bfc062723c751e8b465ee728b)
Start importing Assets/Grass/Materials/MTR_Grass_Sunflower.mat using Guid(77f8772ffb58a824a9e662de516fd620) Importer(815301076,1909f56bfc062723c751e8b465ee728b)  -> (artifact id: 'b10d7fdeca890732faad7468040bc5c5') in 0.019491 seconds 
========================================================================
Received Import Request.
  Time since last request: 0.000041 seconds.
  path: Assets/Grass/Materials/SDR_Sunflower.shadergraph
  artifactKey: Guid(2785e1f4dd2aebc4fb4b35baa9aa9b46) Importer(815301076,1909f56bfc062723c751e8b465ee728b)
Start importing Assets/Grass/Materials/SDR_Sunflower.shadergraph using Guid(2785e1f4dd2aebc4fb4b35baa9aa9b46) Importer(815301076,1909f56bfc062723c751e8b465ee728b)  -> (artifact id: 'ef48c40b01689d14867c10282e5834c7') in 0.003545 seconds 
========================================================================
Received Import Request.
  Time since last request: 224.011401 seconds.
  path: Assets/Grass/Materials/grass_PNG4933.mat
  artifactKey: Guid(6b543f4b1737ef046b2368551c46956f) Importer(815301076,1909f56bfc062723c751e8b465ee728b)
Start importing Assets/Grass/Materials/grass_PNG4933.mat using Guid(6b543f4b1737ef046b2368551c46956f) Importer(815301076,1909f56bfc062723c751e8b465ee728b)  -> (artifact id: 'ba7052ff2b38673d877994afd71b49c4') in 0.026845 seconds 
========================================================================
Received Import Request.
  Time since last request: 0.000033 seconds.
  path: Assets/Grass/Materials/PREF_Grass_2.prefab
  artifactKey: Guid(518fe3a7732f1d84aac36094804947a5) Importer(815301076,1909f56bfc062723c751e8b465ee728b)
Start importing Assets/Grass/Materials/PREF_Grass_2.prefab using Guid(518fe3a7732f1d84aac36094804947a5) Importer(815301076,1909f56bfc062723c751e8b465ee728b)  -> (artifact id: '06cb3c5f39399be22818de569d24afc0') in 0.018052 seconds 
========================================================================
Received Import Request.
  Time since last request: 0.000044 seconds.
  path: Assets/Grass/Materials/PREF_Grass_4.prefab
  artifactKey: Guid(76d426249dd217c46b4cd3365e1439d9) Importer(815301076,1909f56bfc062723c751e8b465ee728b)
Start importing Assets/Grass/Materials/PREF_Grass_4.prefab using Guid(76d426249dd217c46b4cd3365e1439d9) Importer(815301076,1909f56bfc062723c751e8b465ee728b)  -> (artifact id: '6c53cb9acc778d64c803158bc837528f') in 0.016066 seconds 
========================================================================
Received Import Request.
  Time since last request: 0.000023 seconds.
  path: Assets/Grass/Materials/PREF_Grass_3.prefab
  artifactKey: Guid(d303363de1041c648ae23044a4994468) Importer(815301076,1909f56bfc062723c751e8b465ee728b)
Start importing Assets/Grass/Materials/PREF_Grass_3.prefab using Guid(d303363de1041c648ae23044a4994468) Importer(815301076,1909f56bfc062723c751e8b465ee728b)  -> (artifact id: 'e660996fa6efe478945e775cbae9ce90') in 0.016919 seconds 
========================================================================
Received Import Request.
  Time since last request: 8.694073 seconds.
  path: Assets/Grass/Materials/grass_PNG4933.mat
  artifactKey: Guid(6b543f4b1737ef046b2368551c46956f) Importer(815301076,1909f56bfc062723c751e8b465ee728b)
Start importing Assets/Grass/Materials/grass_PNG4933.mat using Guid(6b543f4b1737ef046b2368551c46956f) Importer(815301076,1909f56bfc062723c751e8b465ee728b)  -> (artifact id: '925c21cee87d65b8363ca84c8ae5b053') in 0.327938 seconds 
========================================================================
Received Import Request.
  Time since last request: 0.000023 seconds.
  path: Assets/Grass/Materials/MTR_Grass_3.mat
  artifactKey: Guid(0efeb9b5c9c32fb43b4c42c9cf8d4521) Importer(815301076,1909f56bfc062723c751e8b465ee728b)
Start importing Assets/Grass/Materials/MTR_Grass_3.mat using Guid(0efeb9b5c9c32fb43b4c42c9cf8d4521) Importer(815301076,1909f56bfc062723c751e8b465ee728b)  -> (artifact id: '1ed813e5ca83197d944b836f316f8f0b') in 0.018546 seconds 
========================================================================
Received Import Request.
  Time since last request: 0.000028 seconds.
  path: Assets/Grass/Materials/PREF_Grass_4.prefab
  artifactKey: Guid(76d426249dd217c46b4cd3365e1439d9) Importer(815301076,1909f56bfc062723c751e8b465ee728b)
Start importing Assets/Grass/Materials/PREF_Grass_4.prefab using Guid(76d426249dd217c46b4cd3365e1439d9) Importer(815301076,1909f56bfc062723c751e8b465ee728b)  -> (artifact id: '8bbea5f6af777774bdfe542ce8d00a72') in 0.011383 seconds 
========================================================================
Received Import Request.
  Time since last request: 0.000021 seconds.
  path: Assets/Grass/Materials/PREF_Grass_3.prefab
  artifactKey: Guid(d303363de1041c648ae23044a4994468) Importer(815301076,1909f56bfc062723c751e8b465ee728b)
Start importing Assets/Grass/Materials/PREF_Grass_3.prefab using Guid(d303363de1041c648ae23044a4994468) Importer(815301076,1909f56bfc062723c751e8b465ee728b)  -> (artifact id: '80195718d6af3e9d7bd7682c028438ab') in 0.014545 seconds 
========================================================================
Received Import Request.
  Time since last request: 100.784931 seconds.
  path: Assets/Grass/Materials/anotherTestGrass Variant.prefab
  artifactKey: Guid(6337e46a4d8b8dd448dc3caae9a97e17) Importer(815301076,1909f56bfc062723c751e8b465ee728b)
Start importing Assets/Grass/Materials/anotherTestGrass Variant.prefab using Guid(6337e46a4d8b8dd448dc3caae9a97e17) Importer(815301076,1909f56bfc062723c751e8b465ee728b)  -> (artifact id: 'd5b32d7ab557f55b2b5c03741bbb8b27') in 0.045669 seconds 
========================================================================
Received Import Request.
  Time since last request: 0.000043 seconds.
  path: Assets/Grass/Materials/MTR_Grass_3.mat
  artifactKey: Guid(0efeb9b5c9c32fb43b4c42c9cf8d4521) Importer(815301076,1909f56bfc062723c751e8b465ee728b)
Start importing Assets/Grass/Materials/MTR_Grass_3.mat using Guid(0efeb9b5c9c32fb43b4c42c9cf8d4521) Importer(815301076,1909f56bfc062723c751e8b465ee728b)  -> (artifact id: 'c245fc861f2daa8f8cf8e88c58f0b284') in 0.026441 seconds 
========================================================================
Received Import Request.
  Time since last request: 0.000117 seconds.
  path: Assets/Grass/Materials/MTR_Grass_2.mat
  artifactKey: Guid(2a77d98f2cf0d5143b5a8c19b4763df4) Importer(815301076,1909f56bfc062723c751e8b465ee728b)
Start importing Assets/Grass/Materials/MTR_Grass_2.mat using Guid(2a77d98f2cf0d5143b5a8c19b4763df4) Importer(815301076,1909f56bfc062723c751e8b465ee728b)  -> (artifact id: 'b52839810a6bea9c9ef74d3d7d377312') in 0.021975 seconds 
========================================================================
Received Import Request.
  Time since last request: 0.000022 seconds.
  path: Assets/Grass/Materials/MTR_Grass_Sunflower.mat
  artifactKey: Guid(77f8772ffb58a824a9e662de516fd620) Importer(815301076,1909f56bfc062723c751e8b465ee728b)
Start importing Assets/Grass/Materials/MTR_Grass_Sunflower.mat using Guid(77f8772ffb58a824a9e662de516fd620) Importer(815301076,1909f56bfc062723c751e8b465ee728b)  -> (artifact id: '38e7d22059d429f15e97a6310501427f') in 0.021207 seconds 
========================================================================
Received Import Request.
  Time since last request: 0.000027 seconds.
  path: Assets/Grass/Materials/SDR_Sunflower.shadergraph
  artifactKey: Guid(2785e1f4dd2aebc4fb4b35baa9aa9b46) Importer(815301076,1909f56bfc062723c751e8b465ee728b)
Start importing Assets/Grass/Materials/SDR_Sunflower.shadergraph using Guid(2785e1f4dd2aebc4fb4b35baa9aa9b46) Importer(815301076,1909f56bfc062723c751e8b465ee728b)  -> (artifact id: '4dfcdcdfd8e116511f1e2909f88d745d') in 0.003298 seconds 
========================================================================
Received Import Request.
  Time since last request: 35.750267 seconds.
  path: Assets/Grass/Materials/grass_PNG4933.mat
  artifactKey: Guid(6b543f4b1737ef046b2368551c46956f) Importer(815301076,1909f56bfc062723c751e8b465ee728b)
Start importing Assets/Grass/Materials/grass_PNG4933.mat using Guid(6b543f4b1737ef046b2368551c46956f) Importer(815301076,1909f56bfc062723c751e8b465ee728b)  -> (artifact id: '1e19635140bbb572d9eb03485cc9ae96') in 0.020937 seconds 
========================================================================
Received Import Request.
  Time since last request: 0.000035 seconds.
  path: Assets/Grass/Materials/MTR_Grass_3.mat
  artifactKey: Guid(0efeb9b5c9c32fb43b4c42c9cf8d4521) Importer(815301076,1909f56bfc062723c751e8b465ee728b)
Start importing Assets/Grass/Materials/MTR_Grass_3.mat using Guid(0efeb9b5c9c32fb43b4c42c9cf8d4521) Importer(815301076,1909f56bfc062723c751e8b465ee728b)  -> (artifact id: '7ed4675db7806a18fe7c67cfb274ed5f') in 0.025087 seconds 
========================================================================
Received Import Request.
  Time since last request: 0.000042 seconds.
  path: Assets/Grass/Materials/PREF_Grass_4.prefab
  artifactKey: Guid(76d426249dd217c46b4cd3365e1439d9) Importer(815301076,1909f56bfc062723c751e8b465ee728b)
Start importing Assets/Grass/Materials/PREF_Grass_4.prefab using Guid(76d426249dd217c46b4cd3365e1439d9) Importer(815301076,1909f56bfc062723c751e8b465ee728b)  -> (artifact id: '34249c1170cefa0a876c7a1536758f91') in 0.021514 seconds 
========================================================================
Received Import Request.
  Time since last request: 0.000046 seconds.
  path: Assets/Grass/Materials/PREF_Grass_3.prefab
  artifactKey: Guid(d303363de1041c648ae23044a4994468) Importer(815301076,1909f56bfc062723c751e8b465ee728b)
Start importing Assets/Grass/Materials/PREF_Grass_3.prefab using Guid(d303363de1041c648ae23044a4994468) Importer(815301076,1909f56bfc062723c751e8b465ee728b)  -> (artifact id: 'e2d58bf85daed2b9d7e6222f254fd5c7') in 0.018757 seconds 
========================================================================
Received Import Request.
  Time since last request: 11.421405 seconds.
  path: Assets/Grass/Materials/grass_PNG4933.mat
  artifactKey: Guid(6b543f4b1737ef046b2368551c46956f) Importer(815301076,1909f56bfc062723c751e8b465ee728b)
Start importing Assets/Grass/Materials/grass_PNG4933.mat using Guid(6b543f4b1737ef046b2368551c46956f) Importer(815301076,1909f56bfc062723c751e8b465ee728b)  -> (artifact id: 'a8ad5079126719c2f2da2ef7bbf3bc5e') in 0.022813 seconds 
========================================================================
Received Import Request.
  Time since last request: 0.000031 seconds.
  path: Assets/Grass/Materials/PREF_Grass_2.prefab
  artifactKey: Guid(518fe3a7732f1d84aac36094804947a5) Importer(815301076,1909f56bfc062723c751e8b465ee728b)
Start importing Assets/Grass/Materials/PREF_Grass_2.prefab using Guid(518fe3a7732f1d84aac36094804947a5) Importer(815301076,1909f56bfc062723c751e8b465ee728b)  -> (artifact id: 'b134bfb43d2a89bced43e4ccb3977721') in 0.024829 seconds 
========================================================================
Received Import Request.
  Time since last request: 0.000062 seconds.
  path: Assets/Grass/Materials/MTR_Grass_Sunflower.mat
  artifactKey: Guid(77f8772ffb58a824a9e662de516fd620) Importer(815301076,1909f56bfc062723c751e8b465ee728b)
Start importing Assets/Grass/Materials/MTR_Grass_Sunflower.mat using Guid(77f8772ffb58a824a9e662de516fd620) Importer(815301076,1909f56bfc062723c751e8b465ee728b)  -> (artifact id: 'b6b72207dca63a7bf8d992ea057dd617') in 0.026649 seconds 
========================================================================
Received Import Request.
  Time since last request: 42.608093 seconds.
  path: Assets/Grass/Materials/grass_PNG4933.mat
  artifactKey: Guid(6b543f4b1737ef046b2368551c46956f) Importer(815301076,1909f56bfc062723c751e8b465ee728b)
Start importing Assets/Grass/Materials/grass_PNG4933.mat using Guid(6b543f4b1737ef046b2368551c46956f) Importer(815301076,1909f56bfc062723c751e8b465ee728b)  -> (artifact id: 'c47498c37162ffaabb2f093b6777ca7f') in 0.023528 seconds 
========================================================================
Received Import Request.
  Time since last request: 0.000041 seconds.
  path: Assets/Grass/Materials/PREF_Grass_2.prefab
  artifactKey: Guid(518fe3a7732f1d84aac36094804947a5) Importer(815301076,1909f56bfc062723c751e8b465ee728b)
Start importing Assets/Grass/Materials/PREF_Grass_2.prefab using Guid(518fe3a7732f1d84aac36094804947a5) Importer(815301076,1909f56bfc062723c751e8b465ee728b)  -> (artifact id: 'cbaa7027399dac1e141979f08b5b5c26') in 0.028219 seconds 
========================================================================
Received Import Request.
  Time since last request: 0.000059 seconds.
  path: Assets/Grass/Materials/PREF_Grass_3.prefab
  artifactKey: Guid(d303363de1041c648ae23044a4994468) Importer(815301076,1909f56bfc062723c751e8b465ee728b)
Start importing Assets/Grass/Materials/PREF_Grass_3.prefab using Guid(d303363de1041c648ae23044a4994468) Importer(815301076,1909f56bfc062723c751e8b465ee728b)  -> (artifact id: '073b998a3849fd59286975a3ac8a12fe') in 0.021956 seconds 
========================================================================
Received Import Request.
  Time since last request: 74.466673 seconds.
  path: Assets/Grass/Materials/grass_PNG4933.mat
  artifactKey: Guid(6b543f4b1737ef046b2368551c46956f) Importer(815301076,1909f56bfc062723c751e8b465ee728b)
Start importing Assets/Grass/Materials/grass_PNG4933.mat using Guid(6b543f4b1737ef046b2368551c46956f) Importer(815301076,1909f56bfc062723c751e8b465ee728b)  -> (artifact id: 'cf7074788693702dc2142e0d3c8b1270') in 0.030855 seconds 
========================================================================
Received Import Request.
  Time since last request: 0.000030 seconds.
  path: Assets/Grass/Materials/PREF_Grass_2.prefab
  artifactKey: Guid(518fe3a7732f1d84aac36094804947a5) Importer(815301076,1909f56bfc062723c751e8b465ee728b)
Start importing Assets/Grass/Materials/PREF_Grass_2.prefab using Guid(518fe3a7732f1d84aac36094804947a5) Importer(815301076,1909f56bfc062723c751e8b465ee728b)  -> (artifact id: 'fa1aae8d7ca2b503129b924adf4295ba') in 0.041493 seconds 
========================================================================
Received Import Request.
  Time since last request: 0.000055 seconds.
  path: Assets/Grass/Materials/PREF_Grass_4.prefab
  artifactKey: Guid(76d426249dd217c46b4cd3365e1439d9) Importer(815301076,1909f56bfc062723c751e8b465ee728b)
Start importing Assets/Grass/Materials/PREF_Grass_4.prefab using Guid(76d426249dd217c46b4cd3365e1439d9) Importer(815301076,1909f56bfc062723c751e8b465ee728b)  -> (artifact id: '9c0f95ff3d6335d35f61f4b6d7e589ca') in 0.023244 seconds 
Editor requested this worker to shutdown with reason: Scaling down because of idle timeout
AssetImportWorker is now disconnected from the server
Process exiting
Exiting without the bug reporter. Application will terminate with return code 0